gyre [9.1.1]
------------

OpenMP Threads   : 16
Input filename   : gyre.in

Model Init
----------

Reading from MESA file
   File name /home/mcantiello/rednoise_tests/T3_M20_pulse/LOGS/profile1.data.GYRE
   File version 1.01
   Read 3280 points
   No need to add central point

Mode Search
-----------

Mode parameters
   l : 1
   m : 0

Building frequency grid (REAL axis)
   added scan interval :  0.9746E-01 ->  0.2437E+01 (68 points, INVERSE)

Building spatial grid
   Scaffold grid from model
   Split 0 subinterval(s) in iteration 1
   Final grid has 1 segment(s) and 3280 point(s):
      Segment 1 : x range 0.0000 -> 1.0067 (1 -> 3280)

Starting search (adiabatic)

Scanning frequencies
  Time elapsed :     0.097 s

Finding roots
  Time elapsed :      0.206 s

Processing modes
   id    l     m    n_pg    n_p    n_g       Re(omega)       Im(omega)        chi n_iter
    1    1     0     -19      0     19  0.97704546E-01  0.00000000E+00 0.1765E-13      8
    2    1     0     -18      0     18  0.10093776E+00  0.00000000E+00 0.6079E-14      7
    3    1     0     -17      0     17  0.10557554E+00  0.00000000E+00 0.1511E-13      7
    4    1     0     -16      0     16  0.11255459E+00  0.00000000E+00 0.8539E-14      7
    5    1     0     -15      0     15  0.12088158E+00  0.00000000E+00 0.1108E-13      7
    6    1     0     -14      0     14  0.12989716E+00  0.00000000E+00 0.2174E-13      7
    7    1     0     -13      0     13  0.13933165E+00  0.00000000E+00 0.3688E-14      6
    8    1     0     -12      0     12  0.14761368E+00  0.00000000E+00 0.1761E-14      6
    9    1     0     -11      0     11  0.15529018E+00  0.00000000E+00 0.1138E-13      6
   10    1     0     -10      0     10  0.16775243E+00  0.00000000E+00 0.7301E-15      7
   11    1     0      -9      0      9  0.18395740E+00  0.00000000E+00 0.1401E-13      7
   12    1     0      -8      0      8  0.20793593E+00  0.00000000E+00 0.6451E-15      6
   13    1     0      -7      0      7  0.24109928E+00  0.00000000E+00 0.1524E-13      7
   14    1     0      -6      0      6  0.27766574E+00  0.00000000E+00 0.5268E-14      7
   15    1     0      -5      0      5  0.30993905E+00  0.00000000E+00 0.1537E-13      9
   16    1     0      -4      0      4  0.37987418E+00  0.00000000E+00 0.5082E-14      7
   17    1     0      -3      0      3  0.50243046E+00  0.00000000E+00 0.5508E-15      8
   18    1     0      -1      0      1  0.14018113E+01  0.00000000E+00 0.2969E-13      8
  Time elapsed :      0.051 s

Starting search (non-adiabatic)

Finding roots
  Time elapsed :      2.956 s

Processing modes
   id    l     m    n_pg    n_p    n_g       Re(omega)       Im(omega)        chi n_iter
    1    1     0     -19      0     19  0.99519516E-01 -0.11205121E-02 0.2739E-12     10
    2    1     0     -18      0     18  0.10259557E+00 -0.19589038E-02 0.2414E-11     11
    3    1     0     -17      0     17  0.10948135E+00 -0.32231502E-02 0.6422E-12     16
    4    1     0     -16      0     16  0.11682824E+00 -0.38217550E-02 0.7358E-12     13
    5    1     0     -15      0     15  0.12558464E+00 -0.30558611E-02 0.7228E-12     14
    6    1     0     -14      0     14  0.13647901E+00 -0.22001744E-02 0.2848E-13     14
    7    1     0     -13      0     13  0.14649566E+00 -0.11267229E-02 0.8613E-12     12
    8    1     0     -12      0     12  0.15382567E+00 -0.14322049E-02 0.6791E-12     16
    9    1     0     -11      0     11  0.16671256E+00 -0.13792278E-02 0.9832E-13     16
   10    1     0     -10      0     10  0.18371882E+00 -0.49938544E-03 0.1380E-13     12
   11    1     0      -9      0      9  0.20791669E+00 -0.10494704E-03 0.1455E-12     12
   12    1     0      -8      0      8  0.24109975E+00 -0.21848100E-04 0.1975E-12     11
   13    1     0      -7      0      7  0.27766632E+00 -0.42369184E-05 0.1281E-11     20
   14    1     0      -6      0      6  0.30993954E+00 -0.24927168E-05 0.1139E-10     20
   15    1     0      -5      0      5  0.37026767E+00  0.17364507E-05 0.4016E-10     20
   16    1     0      -4      0      4  0.37987440E+00 -0.92607175E-06 0.2501E-09      5
   17    1     0      -3      0      3  0.50243049E+00 -0.21069586E-06 0.4449E-10      8
   18    1     0       1      1      1  0.14018113E+01 -0.14797485E-07 0.7692E-09      7
  Time elapsed :      0.378 s

Mode Search
-----------

Mode parameters
   l : 2
   m : 0

Building frequency grid (REAL axis)
   added scan interval :  0.9746E-01 ->  0.2437E+01 (111 points, INVERSE)

Building spatial grid
   Scaffold grid from model
   Split 0 subinterval(s) in iteration 1
   Final grid has 1 segment(s) and 3280 point(s):
      Segment 1 : x range 0.0000 -> 1.0067 (1 -> 3280)

Starting search (adiabatic)

Scanning frequencies
  Time elapsed :     0.120 s

Finding roots
  Time elapsed :      0.254 s

Processing modes
   id    l     m    n_pg    n_p    n_g       Re(omega)       Im(omega)        chi n_iter
   19    2     0     -33      0     33  0.10037637E+00  0.00000000E+00 0.3987E-13      8
   20    2     0     -32      0     32  0.10394871E+00  0.00000000E+00 0.9897E-14      9
   21    2     0     -31      0     31  0.10520856E+00  0.00000000E+00 0.7667E-13      9
   22    2     0     -30      0     30  0.10634642E+00  0.00000000E+00 0.6539E-14      9
   23    2     0     -29      0     29  0.10913466E+00  0.00000000E+00 0.8480E-14      8
   24    2     0     -28      0     28  0.11345631E+00  0.00000000E+00 0.2623E-14      7
   25    2     0     -27      0     27  0.11837247E+00  0.00000000E+00 0.2850E-13      6
   26    2     0     -26      0     26  0.12368247E+00  0.00000000E+00 0.2088E-13      7
   27    2     0     -25      0     25  0.12889586E+00  0.00000000E+00 0.9733E-14      7
   28    2     0     -24      0     24  0.13214694E+00  0.00000000E+00 0.9284E-14      7
   29    2     0     -23      0     23  0.13696533E+00  0.00000000E+00 0.5110E-14      7
   30    2     0     -22      0     22  0.14386595E+00  0.00000000E+00 0.7047E-14      6
   31    2     0     -21      0     21  0.15179161E+00  0.00000000E+00 0.6169E-14      6
   32    2     0     -20      0     20  0.16045082E+00  0.00000000E+00 0.1607E-13      6
   33    2     0     -19      0     19  0.16898651E+00  0.00000000E+00 0.9924E-14      8
   34    2     0     -18      0     18  0.17454282E+00  0.00000000E+00 0.2838E-13      7
   35    2     0     -17      0     17  0.18254858E+00  0.00000000E+00 0.1459E-13      7
   36    2     0     -16      0     16  0.19457750E+00  0.00000000E+00 0.1303E-13      6
   37    2     0     -15      0     15  0.20892893E+00  0.00000000E+00 0.1782E-15      7
   38    2     0     -14      0     14  0.22446783E+00  0.00000000E+00 0.1862E-13      7
   39    2     0     -13      0     13  0.24070586E+00  0.00000000E+00 0.2732E-14      7
   40    2     0     -12      0     12  0.25494751E+00  0.00000000E+00 0.2850E-14      7
   41    2     0     -11      0     11  0.26808722E+00  0.00000000E+00 0.1475E-13      7
   42    2     0     -10      0     10  0.28946747E+00  0.00000000E+00 0.1803E-14      6
   43    2     0      -9      0      9  0.31702613E+00  0.00000000E+00 0.2766E-14      8
   44    2     0      -8      0      8  0.35778660E+00  0.00000000E+00 0.1492E-13      7
   45    2     0      -7      0      7  0.41413213E+00  0.00000000E+00 0.4110E-14      7
   46    2     0      -6      0      6  0.47640907E+00  0.00000000E+00 0.2313E-14      7
   47    2     0      -5      0      5  0.52961467E+00  0.00000000E+00 0.5627E-14      7
   48    2     0      -4      0      4  0.64532028E+00  0.00000000E+00 0.8843E-14      6
   49    2     0      -3      0      3  0.84501260E+00  0.00000000E+00 0.3955E-14      8
   50    2     0      -1      0      1  0.21687633E+01  0.00000000E+00 0.2433E-14      9
  Time elapsed :      0.058 s

Starting search (non-adiabatic)

Finding roots
Failed during solve_root : maximum iterations exceeded
   n_iter     : 1
   omega_a :   0.3577865981576484E+00  0.5331435772145516E-08
   omega_b :   0.3577865981576484E+00 -0.5331435772145516E-08
Failed during narrow_bracket : maximum iterations exceeded
   n_iter     : 51
   omega_a :   0.4141321270906128E+00  0.6171049581328224E-08
   omega_b :   0.4141321270906128E+00 -0.6171049581328224E-08
Failed during solve_root : maximum iterations exceeded
   n_iter     : 1
   omega_a :   0.8450125956010899E+00  0.1259166889788344E-07
   omega_b :   0.8450125956010899E+00 -0.1259166889788344E-07
  Time elapsed :      6.848 s

Processing modes
   id    l     m    n_pg    n_p    n_g       Re(omega)       Im(omega)        chi n_iter
   19    2     0     -30      0     30  0.10606547E+00 -0.10102712E-02 0.4853E-13     10
   20    2     0     -31      0     31  0.10233322E+00 -0.35030542E-02 0.3909E-11     14
   21    2     0     -30      0     30  0.10756734E+00 -0.26130522E-02 0.3321E-12     12
   22    2     0     -28      0     28  0.11279158E+00 -0.29041296E-02 0.5391E-12     13
   23    2     0     -27      0     27  0.11843256E+00 -0.30619542E-02 0.2142E-12     11
   24    2     0     -26      0     26  0.12455824E+00 -0.33245056E-02 0.2355E-12     13
   25    2     0     -25      0     25  0.13116055E+00 -0.17050736E-02 0.4904E-13     12
   26    2     0     -24      0     24  0.13190828E+00 -0.34315269E-02 0.1623E-12     11
   27    2     0     -23      0     23  0.13816065E+00 -0.50283904E-02 0.1148E-11     13
   28    2     0     -22      0     22  0.14516535E+00 -0.45468235E-02 0.1124E-11     13
   29    2     0     -21      0     21  0.15401808E+00 -0.39393318E-02 0.5639E-12     13
   30    2     0     -20      0     20  0.16401074E+00 -0.34588774E-02 0.1279E-12     13
   31    2     0     -19      0     19  0.17242459E+00 -0.16007089E-02 0.6521E-14     11
   32    2     0     -18      0     18  0.17846731E+00 -0.30639310E-02 0.7358E-13     10
   33    2     0     -17      0     17  0.19100417E+00 -0.44128810E-02 0.2489E-12     11
   34    2     0     -16      0     16  0.20498894E+00 -0.58331136E-02 0.1327E-11     16
   35    2     0     -15      0     15  0.21949243E+00 -0.56965723E-02 0.3905E-12     15
   36    2     0     -14      0     14  0.23728678E+00 -0.39016926E-02 0.3705E-13     14
   37    2     0     -13      0     13  0.25372286E+00 -0.17902972E-02 0.3319E-14     15
   38    2     0     -12      0     12  0.26652574E+00 -0.23654008E-02 0.2523E-14     12
   39    2     0     -11      0     11  0.28852727E+00 -0.21109172E-02 0.6136E-15     13
   40    2     0      -9      0      9  0.35779101E+00 -0.12060167E-03 0.1453E-13     13
   41    2     0      -8      0      8  0.41413695E+00 -0.22335851E-04 0.1660E-13     15
   42    2     0     -10      0     10  0.31687764E+00 -0.68035308E-03 0.5000E-13     12
   43    2     0      -7      0      7  0.47641031E+00 -0.40961743E-05 0.5553E-14     27
   44    2     0      13    146    133  0.15788141E+12  0.45693341E+04 0.2206E+05      0
   46    2     0      -6      0      6  0.52961547E+00 -0.23987229E-05 0.4796E-12     16
   47    2     0      -4      0      4  0.64532058E+00 -0.97025930E-06 0.1157E-10     15
   48    2     0      -3      0      3  0.84501263E+00 -0.26529863E-06 0.2569E-09     12
   49    2     0       0      1      1  0.14315012E-01  0.60000000E+01 0.2000E+01    608
  Time elapsed :      0.595 s

Mode Search
-----------

Mode parameters
   l : 3
   m : 0

Building frequency grid (REAL axis)
   added scan interval :  0.9746E-01 ->  0.2437E+01 (152 points, INVERSE)

Building spatial grid
   Scaffold grid from model
   Split 0 subinterval(s) in iteration 1
   Final grid has 1 segment(s) and 3280 point(s):
      Segment 1 : x range 0.0000 -> 1.0067 (1 -> 3280)

Starting search (adiabatic)

Scanning frequencies
  Time elapsed :     0.164 s

Finding roots
  Time elapsed :      0.331 s

Processing modes
   id    l     m    n_pg    n_p    n_g       Re(omega)       Im(omega)        chi n_iter
   51    3     0     -47      0     47  0.97961964E-01  0.00000000E+00 0.9893E-14      8
   52    3     0     -46      0     46  0.10027165E+00  0.00000000E+00 0.2041E-13      7
   53    3     0     -45      0     45  0.10292894E+00  0.00000000E+00 0.2761E-13      7
   54    3     0     -44      0     44  0.10571466E+00  0.00000000E+00 0.5966E-15      7
   55    3     0     -43      0     43  0.10836408E+00  0.00000000E+00 0.1031E-13      7
   56    3     0     -42      0     42  0.10999640E+00  0.00000000E+00 0.7504E-14      7
   57    3     0     -41      0     41  0.11243323E+00  0.00000000E+00 0.6621E-14      7
   58    3     0     -40      0     40  0.11573245E+00  0.00000000E+00 0.1505E-13      7
   59    3     0     -39      0     39  0.11932005E+00  0.00000000E+00 0.2898E-14      6
   60    3     0     -38      0     38  0.12300648E+00  0.00000000E+00 0.2893E-13      7
   61    3     0     -37      0     37  0.12592854E+00  0.00000000E+00 0.3360E-13      7
   62    3     0     -36      0     36  0.12817990E+00  0.00000000E+00 0.8564E-14      8
   63    3     0     -35      0     35  0.13216288E+00  0.00000000E+00 0.1122E-13      7
   64    3     0     -34      0     34  0.13682142E+00  0.00000000E+00 0.2213E-13      7
   65    3     0     -33      0     33  0.14183693E+00  0.00000000E+00 0.1542E-14      8
   66    3     0     -32      0     32  0.14686738E+00  0.00000000E+00 0.9013E-16      8
   67    3     0     -31      0     31  0.14878532E+00  0.00000000E+00 0.2186E-14      9
   68    3     0     -30      0     30  0.15021615E+00  0.00000000E+00 0.1408E-15      9
   69    3     0     -29      0     29  0.15418238E+00  0.00000000E+00 0.9462E-15      8
   70    3     0     -28      0     28  0.16028490E+00  0.00000000E+00 0.1079E-14      8
   71    3     0     -27      0     27  0.16721788E+00  0.00000000E+00 0.6005E-14      7
   72    3     0     -26      0     26  0.17470423E+00  0.00000000E+00 0.2403E-13      7
   73    3     0     -25      0     25  0.18204837E+00  0.00000000E+00 0.2222E-13      7
   74    3     0     -24      0     24  0.18661363E+00  0.00000000E+00 0.1399E-14      7
   75    3     0     -23      0     23  0.19341044E+00  0.00000000E+00 0.5438E-14      6
   76    3     0     -22      0     22  0.20312861E+00  0.00000000E+00 0.1052E-13      7
   77    3     0     -21      0     21  0.21428672E+00  0.00000000E+00 0.1420E-13      6
   78    3     0     -20      0     20  0.22647962E+00  0.00000000E+00 0.8374E-14      7
   79    3     0     -19      0     19  0.23851192E+00  0.00000000E+00 0.5766E-14      7
   80    3     0     -18      0     18  0.24632585E+00  0.00000000E+00 0.3409E-14      6
   81    3     0     -17      0     17  0.25752171E+00  0.00000000E+00 0.6562E-14      8
   82    3     0     -16      0     16  0.27439622E+00  0.00000000E+00 0.1850E-13      7
   83    3     0     -15      0     15  0.29454102E+00  0.00000000E+00 0.7026E-14      7
   84    3     0     -14      0     14  0.31635971E+00  0.00000000E+00 0.1293E-13      7
   85    3     0     -13      0     13  0.33913630E+00  0.00000000E+00 0.1490E-13      7
   86    3     0     -12      0     12  0.35921724E+00  0.00000000E+00 0.8879E-14      7
   87    3     0     -11      0     11  0.37737520E+00  0.00000000E+00 0.1909E-13      8
   88    3     0     -10      0     10  0.40712625E+00  0.00000000E+00 0.2214E-14      8
   89    3     0      -9      0      9  0.44504072E+00  0.00000000E+00 0.3409E-14      7
   90    3     0      -8      0      8  0.50110018E+00  0.00000000E+00 0.5032E-14      7
   91    3     0      -7      0      7  0.57861132E+00  0.00000000E+00 0.7558E-14      7
   92    3     0      -6      0      6  0.66530721E+00  0.00000000E+00 0.1083E-14      8
   93    3     0      -5      0      5  0.73521958E+00  0.00000000E+00 0.2811E-14      8
   94    3     0      -4      0      4  0.88758413E+00  0.00000000E+00 0.2415E-14      6
   95    3     0      -3      0      3  0.11459565E+01  0.00000000E+00 0.5520E-15      6
   96    3     0      -2      0      2  0.16275447E+01  0.00000000E+00 0.4080E-14      8
   97    3     0      -2      0      2  0.18334556E+01  0.00000000E+00 0.7906E-14      8
  Time elapsed :      0.077 s

Starting search (non-adiabatic)

Finding roots
Failed during narrow_bracket : maximum iterations exceeded
   n_iter     : 51
   omega_a :   0.3163597127184448E+00  0.4714127074456883E-08
   omega_b :   0.3163597127184448E+00 -0.4714127074456883E-08
Failed during narrow_bracket : maximum iterations exceeded
   n_iter     : 51
   omega_a :   0.3592172350871710E+00  0.5352753923642203E-08
   omega_b :   0.3592172350871710E+00 -0.5352753923642203E-08
Failed during narrow_bracket : maximum iterations exceeded
   n_iter     : 51
   omega_a :   0.3773751992103404E+00  0.5623328673993652E-08
   omega_b :   0.3773751992103404E+00 -0.5623328673993652E-08
Failed during narrow_bracket : maximum iterations exceeded
   n_iter     : 51
   omega_a :   0.4071262501481045E+00  0.6066653879703648E-08
   omega_b :   0.4071262501481045E+00 -0.6066653879703648E-08
Failed during narrow_bracket : maximum iterations exceeded
   n_iter     : 51
   omega_a :   0.7352195819994571E+00  0.1095562550424721E-07
   omega_b :   0.7352195819994571E+00 -0.1095562550424721E-07
  Time elapsed :     10.489 s

Processing modes
   id    l     m    n_pg    n_p    n_g       Re(omega)       Im(omega)        chi n_iter
   51    3     0     -44      0     44  0.10037439E+00 -0.22895963E-02 0.4024E-12     12
   52    3     0     -46      0     46  0.96910735E-01 -0.66549877E-03 0.5109E-13     11
   53    3     0     -43      0     43  0.10365630E+00 -0.23580682E-02 0.3777E-12     10
   54    3     0     -41      0     41  0.10953788E+00 -0.70879956E-03 0.1655E-13      9
   55    3     0     -40      0     40  0.11151127E+00 -0.23823413E-02 0.2398E-12     10
   56    3     0     -38      0     38  0.11566139E+00 -0.26646951E-02 0.7438E-13     13
   57    3     0     -37      0     37  0.12010663E+00 -0.27463745E-02 0.3042E-12     14
   58    3     0     -35      0     35  0.12486507E+00 -0.25019002E-02 0.6287E-13     14
   59    3     0     -35      0     35  0.12651100E+00 -0.98350854E-03 0.9211E-14     11
   60    3     0     -34      0     34  0.13061450E+00 -0.30400440E-02 0.3751E-12     13
   61    3     0     -33      0     33  0.13603839E+00 -0.35756822E-02 0.2259E-11     12
   62    3     0     -32      0     32  0.14178636E+00 -0.43932756E-02 0.9583E-13     16
   63    3     0     -31      0     31  0.14679172E+00 -0.54983541E-02 0.1634E-12     16
   64    3     0     -30      0     30  0.14989003E+00 -0.13991670E-02 0.2402E-13     11
   65    3     0     -30      0     30  0.15264018E+00 -0.44229935E-02 0.2393E-12     13
   66    3     0     -28      0     28  0.15994077E+00 -0.42760682E-02 0.5170E-12     13
   67    3     0     -27      0     27  0.16790788E+00 -0.42236991E-02 0.6434E-12     13
   68    3     0     -26      0     26  0.17657604E+00 -0.42793381E-02 0.6396E-12     14
   69    3     0     -25      0     25  0.18487086E+00 -0.21143989E-02 0.2579E-13     13
   70    3     0     -24      0     24  0.18779641E+00 -0.40770355E-02 0.2309E-13     15
   71    3     0     -23      0     23  0.19742324E+00 -0.64414026E-02 0.1491E-12     12
   72    3     0     -22      0     22  0.20692342E+00 -0.71013699E-02 0.1076E-12     12
   73    3     0     -21      0     21  0.21855727E+00 -0.60467340E-02 0.6404E-12     13
   74    3     0     -20      0     20  0.23236639E+00 -0.49457342E-02 0.5446E-13     14
   75    3     0     -19      0     19  0.24366710E+00 -0.21199854E-02 0.8983E-14     12
   76    3     0     -18      0     18  0.25258083E+00 -0.41492216E-02 0.8864E-14     12
   77    3     0     -17      0     17  0.27044387E+00 -0.54634893E-02 0.9417E-13     13
   78    3     0     -16      0     16  0.29084444E+00 -0.70603635E-02 0.2310E-12     12
   79    3     0     -15      0     15  0.31163439E+00 -0.76988773E-02 0.1761E-12     12
   80    3     0     -14      0     14  0.33570155E+00 -0.53897478E-02 0.1454E-12     21
   81    3     0     -13      0     13  0.35807379E+00 -0.23376661E-02 0.1119E-13     28
   82    3     0     -12      0     12  0.37598483E+00 -0.30852497E-02 0.7549E-15     14
   83    3     0     -11      0     11  0.40643123E+00 -0.26797052E-02 0.6327E-15     30
   85    3     0     -10      0     10  0.44499438E+00 -0.81569230E-03 0.1165E-14     27
   89    3     0      -8      0      8  0.57861906E+00 -0.22784759E-04 0.6652E-13     16
   90    3     0      -9      0      9  0.50112357E+00 -0.13053440E-03 0.1212E-11      8
   91    3     0      -7      0      7  0.66530885E+00 -0.41285755E-05 0.5499E-12     15
   92    3     0      -6      0      6  0.73522053E+00 -0.23969316E-05 0.4437E-11     10
 INFO at line 93 of /mnt/home/mcantiello/software/gyre-9.1.1/src/common/atmos_m.fypp
 Discarding imaginary part of atmospheric radial wavenumber
  Time elapsed :      0.834 s

