gyre [9.1.1]
------------

OpenMP Threads   : 16
Input filename   : gyre.in

Model Init
----------

Reading from MESA file
   File name /home/mcantiello/rednoise_tests/T3_M20_pulse/LOGS/profile1.data.GYRE
   File version 1.01
   Read 3280 points
   No need to add central point

Mode Search
-----------

Mode parameters
   l : 1
   m : 0

Building frequency grid (REAL axis)
   added scan interval :  0.9746E-01 ->  0.2437E+01 (68 points, INVERSE)

Building spatial grid
   Scaffold grid from model
   Split 0 subinterval(s) in iteration 1
   Final grid has 1 segment(s) and 3280 point(s):
      Segment 1 : x range 0.0000 -> 1.0067 (1 -> 3280)

Starting search (adiabatic)

Scanning frequencies
  Time elapsed :     0.095 s

Finding roots
  Time elapsed :      0.239 s

Processing modes
   id    l     m    n_pg    n_p    n_g       Re(omega)       Im(omega)        chi n_iter
    1    1     0     -19      0     19  0.97704504E-01  0.00000000E+00 0.1708E-14      8
    2    1     0     -18      0     18  0.10093773E+00  0.00000000E+00 0.1663E-13      7
    3    1     0     -17      0     17  0.10557548E+00  0.00000000E+00 0.1758E-13      7
    4    1     0     -16      0     16  0.11255457E+00  0.00000000E+00 0.7598E-14      7
    5    1     0     -15      0     15  0.12088156E+00  0.00000000E+00 0.2348E-13      6
    6    1     0     -14      0     14  0.12989714E+00  0.00000000E+00 0.7400E-14      7
    7    1     0     -13      0     13  0.13933164E+00  0.00000000E+00 0.7299E-14      6
    8    1     0     -12      0     12  0.14761368E+00  0.00000000E+00 0.1038E-13      7
    9    1     0     -11      0     11  0.15529017E+00  0.00000000E+00 0.1282E-14      7
   10    1     0     -10      0     10  0.16775242E+00  0.00000000E+00 0.3393E-14      7
   11    1     0      -9      0      9  0.18395740E+00  0.00000000E+00 0.2093E-13      7
   12    1     0      -8      0      8  0.20793593E+00  0.00000000E+00 0.2076E-14      7
   13    1     0      -7      0      7  0.24109928E+00  0.00000000E+00 0.7818E-14      6
   14    1     0      -6      0      6  0.27766574E+00  0.00000000E+00 0.2677E-14      7
   15    1     0      -5      0      5  0.30993905E+00  0.00000000E+00 0.5877E-14      8
   16    1     0      -4      0      4  0.37987418E+00  0.00000000E+00 0.1192E-14      8
   17    1     0      -3      0      3  0.50243046E+00  0.00000000E+00 0.2853E-14      7
   18    1     0      -2      0      2  0.74934175E+00  0.00000000E+00 0.5902E-14      8
   19    1     0      -1      0      1  0.14018113E+01  0.00000000E+00 0.4233E-14     10
  Time elapsed :      0.055 s

Starting search (non-adiabatic)

Finding roots
  Time elapsed :      2.333 s

Processing modes
   id    l     m    n_pg    n_p    n_g       Re(omega)       Im(omega)        chi n_iter
    1    1     0     -19      0     19  0.99519518E-01 -0.11205131E-02 0.6738E-12     10
    2    1     0     -18      0     18  0.10259557E+00 -0.19589076E-02 0.4251E-11     11
    3    1     0     -17      0     17  0.10948135E+00 -0.32231590E-02 0.7670E-12     12
    4    1     0     -16      0     16  0.11682824E+00 -0.38217729E-02 0.1612E-11     11
    5    1     0     -15      0     15  0.12558464E+00 -0.30558762E-02 0.1687E-12     11
    6    1     0     -14      0     14  0.13647901E+00 -0.22001877E-02 0.5804E-12     10
    7    1     0     -13      0     13  0.14649567E+00 -0.11267313E-02 0.7535E-12     10
    8    1     0     -12      0     12  0.15382567E+00 -0.14322074E-02 0.7546E-11     11
    9    1     0     -11      0     11  0.16671256E+00 -0.13792304E-02 0.1187E-12     11
   10    1     0     -10      0     10  0.18371882E+00 -0.49938643E-03 0.6310E-14     10
   11    1     0      -9      0      9  0.20791669E+00 -0.10494724E-03 0.3694E-11     10
   12    1     0      -8      0      8  0.24109975E+00 -0.21848138E-04 0.1200E-10      9
   13    1     0      -7      0      7  0.27766632E+00 -0.42369247E-05 0.1225E-10     10
   14    1     0      -6      0      6  0.30993954E+00 -0.24927166E-05 0.7561E-09     11
   15    1     0      -5      0      5  0.32805641E+00  0.68807138E-04 0.2871E-08     10
   16    1     0      -4      0      4  0.37987440E+00 -0.92607464E-06 0.4987E-09      4
   17    1     0      -3      0      3  0.50243049E+00 -0.21069611E-06 0.4789E-08      5
   18    1     0      -2      0      2  0.74934175E+00 -0.49991547E-07 0.4323E-07      5
   19    1     0       1      1      1  0.14018113E+01 -0.14797544E-07 0.1780E-06      4
  Time elapsed :      0.393 s

Mode Search
-----------

Mode parameters
   l : 2
   m : 0

Building frequency grid (REAL axis)
   added scan interval :  0.9746E-01 ->  0.2437E+01 (111 points, INVERSE)

Building spatial grid
   Scaffold grid from model
   Split 0 subinterval(s) in iteration 1
   Final grid has 1 segment(s) and 3280 point(s):
      Segment 1 : x range 0.0000 -> 1.0067 (1 -> 3280)

Starting search (adiabatic)

Scanning frequencies
  Time elapsed :     0.120 s

Finding roots
  Time elapsed :      0.313 s

Processing modes
   id    l     m    n_pg    n_p    n_g       Re(omega)       Im(omega)        chi n_iter
   20    2     0     -33      0     33  0.10037701E+00  0.00000000E+00 0.2265E-13      7
   21    2     0     -32      0     32  0.10395139E+00  0.00000000E+00 0.1361E-13      8
   22    2     0     -31      0     31  0.10634440E+00  0.00000000E+00 0.6296E-14      7
   23    2     0     -30      0     30  0.10913262E+00  0.00000000E+00 0.1001E-13      7
   24    2     0     -29      0     29  0.11214261E+00  0.00000000E+00 0.9437E-13      6
   25    2     0     -28      0     28  0.11345831E+00  0.00000000E+00 0.1585E-14      8
   26    2     0     -27      0     27  0.11837267E+00  0.00000000E+00 0.3355E-14      7
   27    2     0     -26      0     26  0.12368252E+00  0.00000000E+00 0.1094E-13      6
   28    2     0     -25      0     25  0.12889587E+00  0.00000000E+00 0.8290E-15      7
   29    2     0     -24      0     24  0.13214694E+00  0.00000000E+00 0.1427E-14      7
   30    2     0     -23      0     23  0.13696531E+00  0.00000000E+00 0.1602E-14      7
   31    2     0     -22      0     22  0.14386591E+00  0.00000000E+00 0.5305E-14      6
   32    2     0     -21      0     21  0.15179156E+00  0.00000000E+00 0.1631E-13      6
   33    2     0     -20      0     20  0.16045075E+00  0.00000000E+00 0.9403E-14      6
   34    2     0     -19      0     19  0.16898644E+00  0.00000000E+00 0.1999E-13      8
   35    2     0     -18      0     18  0.17454277E+00  0.00000000E+00 0.1262E-13      8
   36    2     0     -17      0     17  0.18254847E+00  0.00000000E+00 0.2184E-13      7
   37    2     0     -16      0     16  0.19457746E+00  0.00000000E+00 0.1278E-13      7
   38    2     0     -15      0     15  0.20892891E+00  0.00000000E+00 0.1483E-13      6
   39    2     0     -14      0     14  0.22446781E+00  0.00000000E+00 0.1259E-13      6
   40    2     0     -13      0     13  0.24070584E+00  0.00000000E+00 0.2428E-14      7
   41    2     0     -12      0     12  0.25494751E+00  0.00000000E+00 0.1747E-13      7
   42    2     0     -11      0     11  0.26808722E+00  0.00000000E+00 0.1306E-13      7
   43    2     0     -10      0     10  0.28946746E+00  0.00000000E+00 0.6023E-14      6
   44    2     0      -9      0      9  0.31702612E+00  0.00000000E+00 0.3965E-14      7
   45    2     0      -8      0      8  0.35778660E+00  0.00000000E+00 0.3183E-14      7
   46    2     0      -7      0      7  0.41413213E+00  0.00000000E+00 0.8736E-15      6
   47    2     0      -6      0      6  0.47640907E+00  0.00000000E+00 0.1531E-14      7
   48    2     0      -5      0      5  0.52961467E+00  0.00000000E+00 0.6679E-14      8
   49    2     0      -4      0      4  0.64532028E+00  0.00000000E+00 0.3076E-14      7
   50    2     0      -3      0      3  0.84501260E+00  0.00000000E+00 0.2759E-14      9
   51    2     0      -2      0      2  0.12350008E+01  0.00000000E+00 0.1529E-13     11
   52    2     0      -1      0      1  0.21687633E+01  0.00000000E+00 0.1216E-13     11
  Time elapsed :      0.069 s

Starting search (non-adiabatic)

Finding roots
  Time elapsed :      5.768 s

Processing modes
   id    l     m    n_pg    n_p    n_g       Re(omega)       Im(omega)        chi n_iter
   20    2     0     -30      0     30  0.10606547E+00 -0.10102718E-02 0.1348E-14      9
   21    2     0     -31      0     31  0.10233321E+00 -0.35030594E-02 0.1788E-11     16
   22    2     0     -30      0     30  0.10756733E+00 -0.26130544E-02 0.2445E-11     10
   23    2     0     -28      0     28  0.11279158E+00 -0.29041326E-02 0.3400E-12     11
   24    2     0     -27      0     27  0.11843256E+00 -0.30619580E-02 0.3736E-13     11
   25    2     0     -26      0     26  0.12455824E+00 -0.33245104E-02 0.2767E-12     13
   26    2     0     -25      0     25  0.13116055E+00 -0.17050699E-02 0.1366E-13     14
   27    2     0     -24      0     24  0.13190828E+00 -0.34315420E-02 0.9076E-13     13
   28    2     0     -23      0     23  0.13816064E+00 -0.50284082E-02 0.1028E-11     13
   29    2     0     -22      0     22  0.14516534E+00 -0.45468330E-02 0.4088E-12     13
   30    2     0     -21      0     21  0.15401807E+00 -0.39393391E-02 0.3339E-12     14
   31    2     0     -20      0     20  0.16401074E+00 -0.34588847E-02 0.1063E-12     13
   32    2     0     -19      0     19  0.17242459E+00 -0.16007116E-02 0.6088E-14     12
   33    2     0     -18      0     18  0.17846731E+00 -0.30639391E-02 0.1024E-12     12
   34    2     0     -17      0     17  0.19100418E+00 -0.44128950E-02 0.4580E-12     12
   35    2     0     -16      0     16  0.20498897E+00 -0.58331493E-02 0.4083E-12     14
   36    2     0     -15      0     15  0.21949243E+00 -0.56966259E-02 0.1214E-12     15
   37    2     0     -14      0     14  0.23728679E+00 -0.39017359E-02 0.4464E-14     11
   38    2     0     -13      0     13  0.25372287E+00 -0.17903200E-02 0.8952E-14     12
   39    2     0     -12      0     12  0.26652574E+00 -0.23654077E-02 0.1556E-14     12
   40    2     0     -11      0     11  0.28852727E+00 -0.21109238E-02 0.6791E-13     10
   41    2     0     -10      0     10  0.31687764E+00 -0.68035524E-03 0.3807E-12     10
   42    2     0     -17      0     17 -0.19100418E+00 -0.44128950E-02 0.1465E-11     47
   43    2     0     -10      0     10 -0.31687764E+00 -0.68035524E-03 0.2143E-12     44
   44    2     0      -9      0      9  0.35779101E+00 -0.12060199E-03 0.1148E-11      9
   45    2     0      -8      0      8  0.41413695E+00 -0.22335886E-04 0.9103E-12      8
   46    2     0      -7      0      7  0.47641031E+00 -0.40961720E-05 0.6712E-11      9
   47    2     0      -6      0      6  0.52961547E+00 -0.23987089E-05 0.2009E-10      9
   48    2     0      -5      0      5  0.56751758E+00  0.20579623E-03 0.2695E-08     10
   49    2     0      -4      0      4  0.64532058E+00 -0.97026844E-06 0.1135E-08      4
   50    2     0      -3      0      3  0.84501263E+00 -0.26529918E-06 0.7487E-08      5
   51    2     0      -2      0      2  0.12350008E+01 -0.72524968E-07 0.7293E-08      6
   52    2     0      -2      0      2  0.21687633E+01 -0.46274421E-07 0.1020E-06      5
  Time elapsed :      0.658 s

Mode Search
-----------

Mode parameters
   l : 3
   m : 0

Building frequency grid (REAL axis)
   added scan interval :  0.9746E-01 ->  0.2437E+01 (152 points, INVERSE)

Building spatial grid
   Scaffold grid from model
   Split 0 subinterval(s) in iteration 1
   Final grid has 1 segment(s) and 3280 point(s):
      Segment 1 : x range 0.0000 -> 1.0067 (1 -> 3280)

Starting search (adiabatic)

Scanning frequencies
  Time elapsed :     0.163 s

Finding roots
  Time elapsed :      0.314 s

Processing modes
   id    l     m    n_pg    n_p    n_g       Re(omega)       Im(omega)        chi n_iter
   53    3     0     -48      0     48  0.97957683E-01  0.00000000E+00 0.2649E-13      7
   54    3     0     -47      0     47  0.10026456E+00  0.00000000E+00 0.2927E-14      8
   55    3     0     -46      0     46  0.10204856E+00  0.00000000E+00 0.1368E-12      8
   56    3     0     -45      0     45  0.10293873E+00  0.00000000E+00 0.1110E-13      9
   57    3     0     -44      0     44  0.10571644E+00  0.00000000E+00 0.8406E-14      7
   58    3     0     -43      0     43  0.10836475E+00  0.00000000E+00 0.1256E-13      7
   59    3     0     -42      0     42  0.10999674E+00  0.00000000E+00 0.8075E-14      7
   60    3     0     -41      0     41  0.11243366E+00  0.00000000E+00 0.8930E-14      7
   61    3     0     -40      0     40  0.11573278E+00  0.00000000E+00 0.2268E-13      7
   62    3     0     -39      0     39  0.11932034E+00  0.00000000E+00 0.1236E-13      6
   63    3     0     -38      0     38  0.12300674E+00  0.00000000E+00 0.1939E-13      7
   64    3     0     -37      0     37  0.12592868E+00  0.00000000E+00 0.1797E-13      7
   65    3     0     -36      0     36  0.12818013E+00  0.00000000E+00 0.1970E-13      8
   66    3     0     -35      0     35  0.13216321E+00  0.00000000E+00 0.4349E-14      7
   67    3     0     -34      0     34  0.13682188E+00  0.00000000E+00 0.6985E-15      6
   68    3     0     -33      0     33  0.14183780E+00  0.00000000E+00 0.9784E-14      7
   69    3     0     -32      0     32  0.14687084E+00  0.00000000E+00 0.1680E-13      7
   70    3     0     -31      0     31  0.15021298E+00  0.00000000E+00 0.2450E-13      7
   71    3     0     -30      0     30  0.15417950E+00  0.00000000E+00 0.4125E-14      7
   72    3     0     -29      0     29  0.15859221E+00  0.00000000E+00 0.1845E-13      8
   73    3     0     -28      0     28  0.16028807E+00  0.00000000E+00 0.4432E-14      7
   74    3     0     -27      0     27  0.16721818E+00  0.00000000E+00 0.4052E-13      7
   75    3     0     -26      0     26  0.17470431E+00  0.00000000E+00 0.2816E-14      6
   76    3     0     -25      0     25  0.18204837E+00  0.00000000E+00 0.5706E-15      7
   77    3     0     -24      0     24  0.18661362E+00  0.00000000E+00 0.3939E-14      7
   78    3     0     -23      0     23  0.19341041E+00  0.00000000E+00 0.4958E-15      7
   79    3     0     -22      0     22  0.20312856E+00  0.00000000E+00 0.9627E-15      7
   80    3     0     -21      0     21  0.21428665E+00  0.00000000E+00 0.1809E-13      6
   81    3     0     -20      0     20  0.22647953E+00  0.00000000E+00 0.1358E-13      7
   82    3     0     -19      0     19  0.23851182E+00  0.00000000E+00 0.1140E-13      7
   83    3     0     -18      0     18  0.24632578E+00  0.00000000E+00 0.4586E-15      6
   84    3     0     -17      0     17  0.25752156E+00  0.00000000E+00 0.7796E-14      8
   85    3     0     -16      0     16  0.27439616E+00  0.00000000E+00 0.4644E-14      7
   86    3     0     -15      0     15  0.29454098E+00  0.00000000E+00 0.4625E-14      6
   87    3     0     -14      0     14  0.31635968E+00  0.00000000E+00 0.1319E-14      6
   88    3     0     -13      0     13  0.33913628E+00  0.00000000E+00 0.7229E-14      7
   89    3     0     -12      0     12  0.35921723E+00  0.00000000E+00 0.1343E-13      7
   90    3     0     -11      0     11  0.37737519E+00  0.00000000E+00 0.6604E-14      8
   91    3     0     -10      0     10  0.40712624E+00  0.00000000E+00 0.3108E-14      8
   92    3     0      -9      0      9  0.44504072E+00  0.00000000E+00 0.1643E-14      7
   93    3     0      -8      0      8  0.50110018E+00  0.00000000E+00 0.9391E-14      7
   94    3     0      -7      0      7  0.57861132E+00  0.00000000E+00 0.1414E-14      6
   95    3     0      -6      0      6  0.66530721E+00  0.00000000E+00 0.6004E-14      7
   96    3     0      -5      0      5  0.73521958E+00  0.00000000E+00 0.1971E-14      8
   97    3     0      -4      0      4  0.88758413E+00  0.00000000E+00 0.1354E-14      7
   98    3     0      -3      0      3  0.11459565E+01  0.00000000E+00 0.4387E-14      7
   99    3     0      -2      0      2  0.16275447E+01  0.00000000E+00 0.7901E-14      7
  Time elapsed :      0.076 s

Starting search (non-adiabatic)

Finding roots
Failed during narrow_bracket : maximum iterations exceeded
   n_iter     : 51
   omega_a :   0.2463257787788992E+00  0.3670540135784436E-08
   omega_b :   0.2463257787788992E+00 -0.3670540135784436E-08
Failed during narrow_bracket : maximum iterations exceeded
   n_iter     : 51
   omega_a :   0.3592172265206173E+00  0.5352753795990606E-08
   omega_b :   0.3592172265206173E+00 -0.5352753795990606E-08
Failed during narrow_bracket : maximum iterations exceeded
   n_iter     : 51
   omega_a :   0.3773751891178324E+00  0.5623328523603565E-08
   omega_b :   0.3773751891178324E+00 -0.5623328523603565E-08
Failed during narrow_bracket : maximum iterations exceeded
   n_iter     : 51
   omega_a :   0.4071262428875985E+00  0.6066653771513678E-08
   omega_b :   0.4071262428875985E+00 -0.6066653771513678E-08
  Time elapsed :      9.177 s

Processing modes
   id    l     m    n_pg    n_p    n_g       Re(omega)       Im(omega)        chi n_iter
   53    3     0     -46      0     46  0.96910735E-01 -0.66549871E-03 0.9542E-13      8
   54    3     0     -43      0     43  0.10365630E+00 -0.23580681E-02 0.7025E-13     13
   55    3     0     -44      0     44  0.10037439E+00 -0.22895967E-02 0.1568E-12     12
   56    3     0     -41      0     41  0.10718498E+00 -0.23161619E-02 0.1070E-12     11
   57    3     0     -41      0     41  0.10953788E+00 -0.70879947E-03 0.9655E-14     12
   58    3     0     -38      0     38  0.11566139E+00 -0.26646941E-02 0.4917E-12     18
   59    3     0     -40      0     40  0.11151127E+00 -0.23823400E-02 0.2966E-12     10
   60    3     0     -38      0     38  0.12010663E+00 -0.27463747E-02 0.1217E-12     12
   61    3     0     -36      0     36  0.12486506E+00 -0.25019019E-02 0.4210E-13     14
   62    3     0     -35      0     35  0.12651100E+00 -0.98350853E-03 0.1144E-13     10
   63    3     0     -34      0     34  0.13061450E+00 -0.30400466E-02 0.2907E-12     12
   64    3     0     -33      0     33  0.13603839E+00 -0.35756860E-02 0.7372E-12     13
   65    3     0     -32      0     32  0.14178637E+00 -0.43932829E-02 0.2381E-13     11
   66    3     0     -31      0     31  0.14679172E+00 -0.54983785E-02 0.2154E-12     18
   67    3     0     -30      0     30  0.14989003E+00 -0.13991680E-02 0.3968E-13     14
   68    3     0     -30      0     30  0.15264017E+00 -0.44229999E-02 0.2058E-12     11
   69    3     0     -28      0     28  0.15994076E+00 -0.42760738E-02 0.4128E-12     15
   70    3     0     -27      0     27  0.16790788E+00 -0.42237055E-02 0.3023E-11     12
   71    3     0     -26      0     26  0.17657605E+00 -0.42793455E-02 0.1235E-12     14
   72    3     0     -25      0     25  0.18487087E+00 -0.21143985E-02 0.2599E-13     13
   73    3     0     -24      0     24  0.18779641E+00 -0.40770486E-02 0.2095E-13     14
   74    3     0     -23      0     23  0.19742325E+00 -0.64414263E-02 0.8159E-13     12
   75    3     0     -22      0     22  0.20692342E+00 -0.71013995E-02 0.8095E-13     11
   76    3     0     -21      0     21  0.21855726E+00 -0.60467518E-02 0.1099E-13     12
   77    3     0     -20      0     20  0.23236638E+00 -0.49457489E-02 0.1382E-12     13
   78    3     0     -19      0     19  0.24366711E+00 -0.21199906E-02 0.1946E-13     12
   79    3     0     -18      0     18  0.25258083E+00 -0.41492360E-02 0.1394E-13     14
   80    3     0     -17      0     17  0.27044389E+00 -0.54635113E-02 0.1305E-13     13
   81    3     0     -16      0     16  0.29084449E+00 -0.70604105E-02 0.1869E-12     11
   82    3     0     -13      0     13  0.35807381E+00 -0.23377070E-02 0.1335E-13     14
   84    3     0     -15      0     15  0.31163442E+00 -0.76989709E-02 0.1103E-12     10
   85    3     0     -10      0     10  0.44499439E+00 -0.81569563E-03 0.1521E-13     21
   86    3     0     -14      0     14  0.33570157E+00 -0.53898315E-02 0.9123E-13      9
   87    3     0     -11      0     11  0.40643124E+00 -0.26797165E-02 0.2332E-13     13
   88    3     0     -12      0     12  0.37598484E+00 -0.30852622E-02 0.9365E-13      9
   92    3     0      -9      0      9  0.50112357E+00 -0.13053477E-03 0.1252E-11      9
   93    3     0      -7      0      7  0.66530885E+00 -0.41285633E-05 0.1736E-11     12
   94    3     0      -8      0      8  0.57861906E+00 -0.22784778E-04 0.1466E-09      5
   95    3     0      -6      0      6  0.73522053E+00 -0.23969063E-05 0.7931E-10     10
  Time elapsed :      0.834 s

