== regime MW 17:18
wrote data_v2/regime_MWw0.0.csv: 1187 rows, 34 masses
== crossings

data_v2/regime_MWw0.0.csv  (369 hot MS profiles, 28 tracks)
parameter  threshold  logLspec   lo   hi  n_models  n_tracks
 Gamma_Fe       0.40      3.11 3.10 3.12       369        28
 Gamma_Fe       0.80      3.65 3.65 3.65       369        28
 Gamma_Fe       0.90      3.76 3.75 3.76       369        28
 Gamma_Fe       1.00      3.88 3.87 3.89       369        28
 mach_max       0.20      3.75 3.74 3.78       369        28
      v_c       3.00      3.02 2.90 3.05       369        28
     Y_Fe       1.00      3.29 3.16 3.32       369        28

data_v2/regime_LMCw0.0.csv  (404 hot MS profiles, 31 tracks)
parameter  threshold  logLspec   lo   hi  n_models  n_tracks
 Gamma_Fe       0.40      3.34 3.34 3.34       404        31
 Gamma_Fe       0.80      3.89 3.88 3.89       404        31
 Gamma_Fe       0.90      3.99 3.99 4.00       404        31
 Gamma_Fe       1.00      4.10 4.10 4.10       404        31
 mach_max       0.20      4.07 4.04 4.09       404        31
      v_c       3.00      3.62 3.58 3.65       404        31
     Y_Fe       1.00      3.12 2.92 3.21       404        31

data_v2/regime_SMCw0.0.csv  (458 hot MS profiles, 34 tracks)
parameter  threshold  logLspec   lo   hi  n_models  n_tracks
 Gamma_Fe       0.40      3.56 3.56 3.56       458        34
 Gamma_Fe       0.80      4.08 4.08 4.08       458        34
 Gamma_Fe       0.90      4.19 4.19 4.19       458        34
 Gamma_Fe       1.00      4.28 4.28 4.29       458        34
 mach_max       0.20      4.26 4.26 4.26       458        34
      v_c       3.00      4.08 4.00 4.09       458        34
     Y_Fe       1.00      2.87 2.56 2.91       458        34
== scenarios MW 0.0

Implied slopes (predictions at the observed stars, regressed as the data) and ratios
observed: vmac dlogL +0.29 dlogT +0.10 dtau +0.27 dlogM +0.60 | alpha0 dlogL +1.55 dlogT -3.13 dtau +1.73 dlogM +1.32 | nu dlogT +1.53 dlogL -0.23 dtau -0.33 | ratios {'logL': 5.31, 'tau': 6.37, 'logM': 2.19}
                       scenario  vmac_slope_logL  vmac_slope_logTeff  vmac_slope_tau  vmac_slope_logM  alpha0_slope_logL  alpha0_slope_logTeff  alpha0_slope_tau  alpha0_slope_logM  nuchar_slope_logTeff  nuchar_slope_logL  nuchar_slope_tau  ratio_logL  ratio_tau  ratio_logM
             S0 MLT at the FeCZ            +0.36               -0.32           +0.24            +0.60              +1.37                 -3.06             +1.37              +1.31                 +3.76              -0.43             -0.93       +3.76      +5.64       +2.21
            S1 incoherent cells            +0.36               -0.32           +0.24            +0.60              +1.48                 -3.92             +1.44              +1.26                 +3.76              -0.43             -0.93       +4.06      +5.93       +2.11
S2 Cantiello+09 microturbulence            +0.07               -0.30           +0.09            +0.02              +0.29                 -2.16             +0.58              -0.31                 -1.58              -0.85             -0.09       +4.28      +6.09      -20.41
  S3 M_x F_c waves, v saturated            +0.26               +0.16           +0.13            +0.54              +1.36                 -3.00             +1.31              +1.36                 +3.76              -0.43             -0.93       +5.25     +10.50       +2.53
 S3t M_t F_c waves, v saturated            +0.29               +0.01           +0.18            +0.54              +1.57                 -4.64             +1.70              +1.08                 +3.76              -0.43             -0.93       +5.46      +9.51       +2.01
  S3c as S3, cells-diluted flux            +0.26               +0.16           +0.13            +0.54              +1.42                 -3.68             +1.34              +1.25                 +3.76              -0.43             -0.93       +5.45     +10.73       +2.32
         S4 core IGW (undamped)            +0.31               +0.08           +0.11            +0.63              +0.45                 +0.03             +0.19              +0.80                 -0.59              +0.17             +0.24       +1.44      +1.70       +1.26
  S5 v_c + M_t F_c/F + turnover            +0.36               -0.32           +0.24            +0.60              +1.57                 -4.64             +1.70              +1.08                 +3.76              -0.43             -0.93       +4.31      +7.01       +1.82
== scenarios MW 0.2

Implied slopes (predictions at the observed stars, regressed as the data) and ratios
observed: vmac dlogL +0.29 dlogT +0.10 dtau +0.27 dlogM +0.60 | alpha0 dlogL +1.55 dlogT -3.13 dtau +1.73 dlogM +1.32 | nu dlogT +1.53 dlogL -0.23 dtau -0.33 | ratios {'logL': 5.31, 'tau': 6.37, 'logM': 2.19}
                       scenario  vmac_slope_logL  vmac_slope_logTeff  vmac_slope_tau  vmac_slope_logM  alpha0_slope_logL  alpha0_slope_logTeff  alpha0_slope_tau  alpha0_slope_logM  nuchar_slope_logTeff  nuchar_slope_logL  nuchar_slope_tau  ratio_logL  ratio_tau  ratio_logM
             S0 MLT at the FeCZ            +0.36               -0.31           +0.24            +0.60              +1.38                 -3.11             +1.39              +1.33                 +3.63              -0.45             -0.91       +3.82      +5.78       +2.23
            S1 incoherent cells            +0.36               -0.31           +0.24            +0.60              +1.48                 -3.95             +1.44              +1.27                 +3.63              -0.45             -0.91       +4.10      +6.00       +2.14
S2 Cantiello+09 microturbulence            +0.07               -0.30           +0.09            +0.01              +0.31                 -2.65             +0.68              -0.43                 -1.89              -0.85             -0.02       +4.73      +7.44      -33.56
  S3 M_x F_c waves, v saturated            +0.26               +0.15           +0.13            +0.53              +1.37                 -3.00             +1.32              +1.38                 +3.63              -0.45             -0.91       +5.29     +10.29       +2.59
 S3t M_t F_c waves, v saturated            +0.29               -0.00           +0.18            +0.53              +1.58                 -4.76             +1.73              +1.07                 +3.63              -0.45             -0.91       +5.47      +9.36       +2.00
  S3c as S3, cells-diluted flux            +0.26               +0.15           +0.13            +0.53              +1.42                 -3.69             +1.34              +1.27                 +3.63              -0.45             -0.91       +5.48     +10.47       +2.37
         S4 core IGW (undamped)            +0.31               +0.08           +0.11            +0.63              +0.47                 +0.12             +0.17              +0.86                 -0.58              +0.17             +0.24       +1.49      +1.54       +1.35
  S5 v_c + M_t F_c/F + turnover            +0.36               -0.31           +0.24            +0.60              +1.58                 -4.76             +1.73              +1.07                 +3.63              -0.45             -0.91       +4.36      +7.16       +1.80
== scenarios MW 0.4

Implied slopes (predictions at the observed stars, regressed as the data) and ratios
observed: vmac dlogL +0.29 dlogT +0.10 dtau +0.27 dlogM +0.60 | alpha0 dlogL +1.55 dlogT -3.13 dtau +1.73 dlogM +1.32 | nu dlogT +1.53 dlogL -0.23 dtau -0.33 | ratios {'logL': 5.31, 'tau': 6.37, 'logM': 2.19}
                       scenario  vmac_slope_logL  vmac_slope_logTeff  vmac_slope_tau  vmac_slope_logM  alpha0_slope_logL  alpha0_slope_logTeff  alpha0_slope_tau  alpha0_slope_logM  nuchar_slope_logTeff  nuchar_slope_logL  nuchar_slope_tau  ratio_logL  ratio_tau  ratio_logM
             S0 MLT at the FeCZ            +0.37               -0.32           +0.25            +0.61              +1.42                 -3.16             +1.43              +1.38                 +3.55              -0.48             -0.91       +3.84      +5.69       +2.26
            S1 incoherent cells            +0.37               -0.32           +0.25            +0.61              +1.52                 -4.03             +1.49              +1.29                 +3.55              -0.48             -0.91       +4.12      +5.94       +2.11
S2 Cantiello+09 microturbulence            +0.09               -0.39           +0.12            +0.02              +0.38                 -2.96             +0.77              -0.43                 -2.24              -0.74             +0.11       +4.37      +6.43      -22.41
  S3 M_x F_c waves, v saturated            +0.26               +0.17           +0.13            +0.55              +1.39                 -3.07             +1.35              +1.40                 +3.55              -0.48             -0.91       +5.33     +10.64       +2.56
 S3t M_t F_c waves, v saturated            +0.30               -0.01           +0.19            +0.55              +1.63                 -4.76             +1.75              +1.15                 +3.55              -0.48             -0.91       +5.50      +8.99       +2.08
  S3c as S3, cells-diluted flux            +0.26               +0.17           +0.13            +0.55              +1.46                 -3.79             +1.39              +1.28                 +3.55              -0.48             -0.91       +5.56     +10.94       +2.33
         S4 core IGW (undamped)            +0.31               +0.09           +0.11            +0.63              +0.47                 +0.10             +0.17              +0.86                 -0.60              +0.19             +0.25       +1.50      +1.57       +1.36
  S5 v_c + M_t F_c/F + turnover            +0.37               -0.32           +0.25            +0.61              +1.63                 -4.76             +1.75              +1.15                 +3.55              -0.48             -0.91       +4.41      +6.96       +1.88
== scenarios MW 0.6

Implied slopes (predictions at the observed stars, regressed as the data) and ratios
observed: vmac dlogL +0.29 dlogT +0.10 dtau +0.27 dlogM +0.60 | alpha0 dlogL +1.55 dlogT -3.13 dtau +1.73 dlogM +1.32 | nu dlogT +1.53 dlogL -0.23 dtau -0.33 | ratios {'logL': 5.31, 'tau': 6.37, 'logM': 2.19}
                       scenario  vmac_slope_logL  vmac_slope_logTeff  vmac_slope_tau  vmac_slope_logM  alpha0_slope_logL  alpha0_slope_logTeff  alpha0_slope_tau  alpha0_slope_logM  nuchar_slope_logTeff  nuchar_slope_logL  nuchar_slope_tau  ratio_logL  ratio_tau  ratio_logM
             S0 MLT at the FeCZ            +0.36               -0.30           +0.25            +0.60              +1.45                 -3.25             +1.53              +1.42                 +3.41              -0.53             -0.95       +4.01      +6.09       +2.36
            S1 incoherent cells            +0.36               -0.30           +0.25            +0.60              +1.54                 -4.08             +1.59              +1.33                 +3.41              -0.53             -0.95       +4.27      +6.32       +2.21
S2 Cantiello+09 microturbulence            +0.08               -0.37           +0.12            +0.01              +0.41                 -3.45             +0.93              -0.53                 -3.20              -0.53             +0.50       +5.04      +7.68      -35.41
  S3 M_x F_c waves, v saturated            +0.24               +0.19           +0.11            +0.53              +1.41                 -3.08             +1.43              +1.44                 +3.41              -0.53             -0.95       +5.80     +12.90       +2.72
 S3t M_t F_c waves, v saturated            +0.29               -0.02           +0.20            +0.53              +1.65                 -4.88             +1.86              +1.17                 +3.41              -0.53             -0.95       +5.78      +9.32       +2.20
  S3c as S3, cells-diluted flux            +0.24               +0.19           +0.11            +0.53              +1.48                 -3.83             +1.49              +1.32                 +3.41              -0.53             -0.95       +6.09     +13.41       +2.49
         S4 core IGW (undamped)            +0.30               +0.10           +0.10            +0.62              +0.44                 +0.19             +0.15              +0.84                 -0.55              +0.21             +0.26       +1.48      +1.47       +1.36
  S5 v_c + M_t F_c/F + turnover            +0.36               -0.30           +0.25            +0.60              +1.65                 -4.88             +1.86              +1.17                 +3.41              -0.53             -0.95       +4.58      +7.39       +1.95
== vmic
Markova+25: 1823 stars; log Teff > 4.0: 443 (69 pulsating); v_mic = 0: 27
                                               test    h  dBIC  slope_below  slope_above  h_lo  h_hi   n  n_below  spearman  partial_spearman  slope  floor_kms  norm  rms  rms_plane  free_slope  n_no_FeCZ
               hinge: log Teff > 4.0, non-pulsating 4.00 -9.40         0.46         0.11  2.40  4.02 349   262.00       NaN               NaN    NaN        NaN   NaN  NaN        NaN         NaN        NaN
                         hinge: log Teff > 4.0, all 3.00 -9.41         0.34         0.46  2.54  3.86 416   157.00       NaN               NaN    NaN        NaN   NaN  NaN        NaN         NaN        NaN
               hinge: log Teff > 4.3, non-pulsating 4.04 -7.29         0.53        -0.23  2.64  4.04 217   168.00       NaN               NaN    NaN        NaN   NaN  NaN        NaN         NaN        NaN
               v_mic vs v_macro (IACOB cross-match)  NaN   NaN          NaN          NaN   NaN   NaN 143      NaN      0.58              0.35   1.07        NaN   NaN  NaN        NaN         NaN        NaN
model v_c,max (MW v2) -> v_mic, beta = 1 with floor  NaN 41.92          NaN          NaN   NaN   NaN 317      NaN      0.73               NaN    NaN       3.52  0.29 0.26       0.24        0.41      24.00
saved figures_v2/fig_vmic.png
== lmc shift
bootstrap Delta (free k): P(<0.2) 0.00, P(0.2-0.7) 0.75, P(>0.7) 0.25; median +0.49
bootstrap Delta (k = 0): P(<0.2) 0.00, P(0.2-0.7) 1.00, P(>0.7) 0.00; median +0.56
                                                          test  value    lo    hi         n   rms
        method offset (Serebriakova MW - IACOB), log L 2.0-2.8  -0.15 -0.27 +0.03 11 vs 133   NaN
        method offset (Serebriakova MW - IACOB), log L 2.2-2.8  +0.08 +0.05 +0.21  3 vs 119   NaN
                LMC shift Delta log L (LMC stars log L >= 3.4)  +0.40 +0.38 +1.03       122 +0.16
                      LMC scale log k (LMC stars log L >= 3.4)  -0.08 -0.11 +0.22       122   NaN
                LMC shift Delta log L (LMC stars log L >= 3.6)  +0.40 +0.38 +1.02       121 +0.16
                      LMC scale log k (LMC stars log L >= 3.6)  -0.09 -0.11 +0.21       121   NaN
LMC shift Delta log L, method offset fixed at 0 (log L >= 3.4)  +0.57 +0.53 +0.62       122 +0.16
       median log v_LMC - log v_MW at log L 3.6-4.0 (no shift)  -0.26   NaN   NaN 35 vs 205   NaN
       median log v_LMC - log v_MW at log L 4.0-4.4 (no shift)  -0.26   NaN   NaN 77 vs 195   NaN
== figs
saved /mnt/home/mcantiello/work/rednoise/analysis_mesa/figures_v2/fig_data_summary.png | model thresholds for: ['MW', 'LMC', 'SMC']
wrote figures_v2/fig_regime.png/.pdf
  Z   sample  k_nu    k_alpha    n_nu  n_alpha quantity       n  median_log_obs_over_model  n_no_fecz  n_on_grid  frac_no_fecz  frac_no_fecz_SLF  n_SLF  frac_no_fecz_none  n_none
 MW    scale 3.390 236731.992 189.000  189.000      NaN     NaN                        NaN        NaN        NaN           NaN               NaN    NaN                NaN     NaN
 MW    rn_MW   NaN        NaN     NaN      NaN   nuchar 178.000                     -0.015      0.000        NaN           NaN               NaN    NaN                NaN     NaN
 MW  vmac_MW   NaN        NaN     NaN      NaN     vmac 630.000                      0.350      0.000        NaN           NaN               NaN    NaN                NaN     NaN
LMC   rn_LMC   NaN        NaN     NaN      NaN   nuchar  26.000                      0.009      0.000        NaN           NaN               NaN    NaN                NaN     NaN
LMC vmac_LMC   NaN        NaN     NaN      NaN     vmac  34.000                      0.252      0.000        NaN           NaN               NaN    NaN                NaN     NaN
SMC   rn_SMC   NaN        NaN     NaN      NaN   nuchar  17.000                      0.741      5.000        NaN           NaN               NaN    NaN                NaN     NaN
SMC    bloem   NaN        NaN     NaN      NaN      NaN 778.000                        NaN        NaN    757.000         0.622               NaN    NaN                NaN     NaN
SMC       vd   NaN        NaN     NaN      NaN      NaN  47.000                        NaN        NaN     46.000         0.065             0.000 24.000              0.200  15.000
SMC   rn_SMC   NaN        NaN     NaN      NaN      NaN  23.000                        NaN        NaN     23.000         0.217               NaN    NaN                NaN     NaN
LMC vmac_LMC   NaN        NaN     NaN      NaN      NaN 136.000                        NaN        NaN    116.000         0.017               NaN    NaN                NaN     NaN
LMC   rn_LMC   NaN        NaN     NaN      NaN      NaN  34.000                        NaN        NaN     29.000         0.000               NaN    NaN                NaN     NaN
done 17:24
